package com.sys1yagi.fragmentcreator.fragment;

import android.os.Bundle;
import android.os.Parcelable;
import com.sys1yagi.fragmentcreator.FragmentCreator;
import java.io.Serializable;
import java.lang.CharSequence;
import java.lang.String;

public final class MainFragmentCreator extends FragmentCreator {
  public static void read(MainFragment fragment) {
    Bundle args = fragment.getArguments();
    String keyword = args.getString("keyword");
    FragmentCreator.checkRequire(keyword, "keyword");
    fragment.keyword = keyword;
    boolean flag = args.getBoolean("flag");
    FragmentCreator.checkRequire(flag, "flag");
    fragment.flag = flag;
    byte aByte = args.getByte("aByte");
    FragmentCreator.checkRequire(aByte, "aByte");
    fragment.aByte = aByte;
    char aChar = args.getChar("aChar");
    FragmentCreator.checkRequire(aChar, "aChar");
    fragment.aChar = aChar;
    short aShort = args.getShort("aShort");
    FragmentCreator.checkRequire(aShort, "aShort");
    fragment.aShort = aShort;
    int anInt = args.getInt("anInt");
    FragmentCreator.checkRequire(anInt, "anInt");
    fragment.anInt = anInt;
    long aLong = args.getLong("aLong");
    FragmentCreator.checkRequire(aLong, "aLong");
    fragment.aLong = aLong;
    float aFloat = args.getFloat("aFloat");
    FragmentCreator.checkRequire(aFloat, "aFloat");
    fragment.aFloat = aFloat;
    double aDouble = args.getDouble("aDouble");
    FragmentCreator.checkRequire(aDouble, "aDouble");
    fragment.aDouble = aDouble;
    CharSequence charSequence = args.getCharSequence("charSequence");
    FragmentCreator.checkRequire(charSequence, "charSequence");
    fragment.charSequence = charSequence;
    Parcelable parcelable = args.getParcelable("parcelable");
    FragmentCreator.checkRequire(parcelable, "parcelable");
    fragment.parcelable = parcelable;
    Serializable serializable = (Serializable)args.getSerializable("serializable");
    FragmentCreator.checkRequire(serializable, "serializable");
    fragment.serializable = serializable;
  }

  public static Builder newBuilder(String keyword, boolean flag, byte aByte, char aChar, short aShort, int anInt, long aLong, float aFloat, double aDouble, CharSequence charSequence, Parcelable parcelable, Serializable serializable) {
      Builder builder = new Builder();
      builder.keyword = keyword;
      builder.flag = flag;
      builder.aByte = aByte;
      builder.aChar = aChar;
      builder.aShort = aShort;
      builder.anInt = anInt;
      builder.aLong = aLong;
      builder.aFloat = aFloat;
      builder.aDouble = aDouble;
      builder.charSequence = charSequence;
      builder.parcelable = parcelable;
      builder.serializable = serializable;
      return builder;
  }

  public static final class Builder {
    private String keyword;

    private boolean flag;

    private byte aByte;

    private char aChar;

    private short aShort;

    private int anInt;

    private long aLong;

    private float aFloat;

    private double aDouble;

    private CharSequence charSequence;

    private Parcelable parcelable;

    private Serializable serializable;

    private Builder() {
    }

    public MainFragment build() {
      MainFragment fragment = new MainFragment();
      Bundle args = new Bundle();
      args.putString("keyword", keyword);
      args.putBoolean("flag", flag);
      args.putByte("aByte", aByte);
      args.putChar("aChar", aChar);
      args.putShort("aShort", aShort);
      args.putInt("anInt", anInt);
      args.putLong("aLong", aLong);
      args.putFloat("aFloat", aFloat);
      args.putDouble("aDouble", aDouble);
      args.putCharSequence("charSequence", charSequence);
      args.putParcelable("parcelable", parcelable);
      args.putSerializable("serializable", serializable);
      fragment.setArguments(args);
      return fragment;
    }
  }
}
