package com.sys1yagi.fragmentcreator.fragment;

import android.os.Bundle;
import com.sys1yagi.fragmentcreator.ArgumentsReader;

public final class MainFragmentArguments extends ArgumentsReader {

    public static void read(MainFragment fragment){
        Bundle args = fragment.getArguments();
        fragment.keyword = args.getString("keyword");
        fragment.userId = args.getString("userId");
        checkRequired(fragment);
    }

    public static void checkRequired(MainFragment fragment) {
        ArgumentsReader.checkRequire(fragment.keyword, "keyword");
        ArgumentsReader.checkRequire(fragment.userId, "userId");
    }
}
