package com.sys1yagi.fragmentcreator.fragment;

import android.os.Bundle;
import com.sys1yagi.fragmentcreator.FragmentCreator;
import java.lang.String;

public final class MainFragmentCreator extends FragmentCreator {
    public static void read(MainFragment fragment){
            Bundle args = fragment.getArguments();

            String keyword = args.getString("keyword");
            FragmentCreator.checkRequire(keyword, "keyword");
            fragment.keyword = keyword;

            String userId = args.getString("userId");
            FragmentCreator.checkRequire(userId, "userId");
            fragment.setUserId(userId);
    }

    public static final class Builder {
        private String keyword;

        private String userId;

        private Builder() {
        }

        public static Builder newInstance(String keyword, String userId) {
            Builder builder =  new Builder();
            builder.keyword = keyword;
            builder.userId = userId;
            return builder;
        }

        public MainFragment build(){
            MainFragment fragment = new MainFragment();

            Bundle args = new Bundle();
            args.putString("keyword", keyword);
            args.putString("userId", userId);
            fragment.setArguments(args);

            return fragment;
        }
    }

}
