package com.sys1yagi.fragmentcreator.fragment;

import android.os.Bundle;
import com.sys1yagi.fragmentcreator.FragmentCreator;
import java.lang.String;

public final class MainFragmentCreator extends FragmentCreator {

    public static MainFragment newInstance(String keyword, String userId) {
        MainFragment fragment = new MainFragment();

        Bundle args = new Bundle();
        args.putString("keyword", keyword);
        args.putString("userId", userId);
        fragment.setArguments(args);

        return fragment;
    }

    public static void read(MainFragment fragment){
            Bundle args = fragment.getArguments();
            fragment.keyword = args.getString("keyword");
            fragment.userId = args.getString("userId");
            checkRequired(fragment);
    }

    public static void checkRequired(MainFragment fragment) {
        FragmentCreator.checkRequire(fragment.keyword, "keyword");
        FragmentCreator.checkRequire(fragment.userId, "userId");
    }
}
